XMLSyntaxError
65

ConnectionError
11

SSLErorr
4

UnicodeEncodeError
10

OSError
2
